%!Adobe-FontList 1.18
%Locale:0x419

%BeginFont
Handler:DirectoryHandler
FontType:TrueType
FontName:KingspanBrownTT-Bold
FamilyName:Kingspan Brown TT
StyleName:Bold
FullName:KingspanBrownTT-Bold
MenuName:Kingspan Brown TT
StyleBits:2
WritingScript:Roman
OutlineFileName:C:\Users\User\Google Диск\Work\KINGSPAN\Leaflet\ToSend\Kingspan_Leaflet2017_Print_CMYK Folder\Document fonts\KingspanBrownTT-Bold.ttf
DataFormat:sfntData
hasSVG:no
FileLength:169288
FileModTime:1481537334
WeightClass:700
WidthClass:5
AngleClass:0
NameArray:0,Mac,4,Kingspan Brown TT Bold
NameArray:0,Win,1,Kingspan Brown TT
NameArray:0,Win,16,Kingspan Brown TT
%EndFont

%BeginFont
Handler:DirectoryHandler
FontType:TrueType
FontName:KingspanBrownTT-Regular
FamilyName:Kingspan Brown TT
StyleName:Regular
FullName:KingspanBrownTT-Regular
MenuName:Kingspan Brown TT
StyleBits:0
WritingScript:Roman
OutlineFileName:C:\Users\User\Google Диск\Work\KINGSPAN\Leaflet\ToSend\Kingspan_Leaflet2017_Print_CMYK Folder\Document fonts\KingspanBrownTT-Regular.ttf
DataFormat:sfntData
hasSVG:no
FileLength:165968
FileModTime:1481537214
WeightClass:400
WidthClass:5
AngleClass:0
NameArray:0,Mac,4,Kingspan Brown TT
NameArray:0,Win,1,Kingspan Brown TT
NameArray:0,Win,16,Kingspan Brown TT
%EndFont

%BeginFont
Handler:DirectoryHandler
FontType:TrueType
FontName:NotoSans
FamilyName:Noto Sans
StyleName:Regular
FullName:Noto Sans
MenuName:Noto Sans
StyleBits:0
WritingScript:Roman
OutlineFileName:C:\Users\User\Google Диск\Work\KINGSPAN\Leaflet\ToSend\Kingspan_Leaflet2017_Print_CMYK Folder\Document fonts\noto-sans.ttf
DataFormat:sfntData
hasSVG:no
FileLength:366684
FileModTime:1481814677
WeightClass:400
WidthClass:5
AngleClass:0
NameArray:0,Mac,4,Noto Sans
NameArray:0,Win,1,Noto Sans
%EndFont

